12:35:10 **** Incremental Build of configuration Default for project MyProject ****
make all 
make: Nothing to be done for `all'.
12:38:32 **** Incremental Build of configuration Default for project MyProject ****
make all 
[1;34mCompiling main.c[0m
[1;34mLinking build/Project_template.elf[0m
[1;34mCreating build/Project_template.hex[0m
[1;34mCreating build/Project_template.bin[0m
[1;34mCreating build/Project_template.dmp[0m

   text	   data	    bss	    dec	    hex	filename
  61620	   3068	  16860	  81548	  13e8c	build/Project_template.elf
[1;34mCreating build/Project_template.list[0m

[1;34mDone[0m
12:40:54 **** Incremental Build of configuration Default for project MyProject ****
make all 
[1;34mCompiling main.c[0m
[1;34mLinking build/Project_template.elf[0m
[1;34mCreating build/Project_template.hex[0m
[1;34mCreating build/Project_template.bin[0m
[1;34mCreating build/Project_template.dmp[0m

   text	   data	    bss	    dec	    hex	filename
  61588	   3068	  16860	  81516	  13e6c	build/Project_template.elf
[1;34mCreating build/Project_template.list[0m

[1;34mDone[0m
12:42:44 **** Incremental Build of configuration Default for project MyProject ****
make all 
[1;34mCompiling main.c[0m
[1;34mLinking build/Project_template.elf[0m
[1;34mCreating build/Project_template.hex[0m
[1;34mCreating build/Project_template.bin[0m
[1;34mCreating build/Project_template.dmp[0m

   text	   data	    bss	    dec	    hex	filename
  61716	   3068	  16860	  81644	  13eec	build/Project_template.elf
[1;34mCreating build/Project_template.list[0m

[1;34mDone[0m
12:44:49 **** Incremental Build of configuration Default for project MyProject ****
make all 
[1;34mCompiling main.c[0m
[1;34mLinking build/Project_template.elf[0m
[1;34mCreating build/Project_template.hex[0m
[1;34mCreating build/Project_template.bin[0m
[1;34mCreating build/Project_template.dmp[0m

   text	   data	    bss	    dec	    hex	filename
  61748	   3068	  16860	  81676	  13f0c	build/Project_template.elf
[1;34mCreating build/Project_template.list[0m

[1;34mDone[0m
12:47:19 **** Incremental Build of configuration Default for project MyProject ****
make all 
[1;34mCompiling main.c[0m
[1;34mLinking build/Project_template.elf[0m
[1;34mCreating build/Project_template.hex[0m
[1;34mCreating build/Project_template.bin[0m
[1;34mCreating build/Project_template.dmp[0m

   text	   data	    bss	    dec	    hex	filename
  62484	   3084	  17500	  83068	  1447c	build/Project_template.elf
[1;34mCreating build/Project_template.list[0m

[1;34mDone[0m
