12:47:19 **** Incremental Build of configuration Default for project MyProject ****
make all 
[1;34mCompiling main.c[0m
[1;34mLinking build/Project_template.elf[0m
[1;34mCreating build/Project_template.hex[0m
[1;34mCreating build/Project_template.bin[0m
[1;34mCreating build/Project_template.dmp[0m

   text	   data	    bss	    dec	    hex	filename
  62484	   3084	  17500	  83068	  1447c	build/Project_template.elf
[1;34mCreating build/Project_template.list[0m

[1;34mDone[0m

12:47:32 Build Finished (took 12s.620ms)

